Archive member included to satisfy reference by file (symbol)

hw_include/libdriver.a(gpio_pintypei2c_.o)
                              gcc/osram96x16.o (GPIOPinTypeI2C)
hw_include/libdriver.a(gpio_pintypeuart_.o)
                              gcc/main.o (GPIOPinTypeUART)
hw_include/libdriver.a(i2c_mastercontrol_.o)
                              gcc/osram96x16.o (I2CMasterControl)
hw_include/libdriver.a(i2c_masterdataput_.o)
                              gcc/osram96x16.o (I2CMasterDataPut)
hw_include/libdriver.a(i2c_masterinit_.o)
                              gcc/osram96x16.o (I2CMasterInit)
hw_include/libdriver.a(i2c_masterintstatus_.o)
                              gcc/osram96x16.o (I2CMasterIntStatus)
hw_include/libdriver.a(i2c_masterslaveaddrset_.o)
                              gcc/osram96x16.o (I2CMasterSlaveAddrSet)
hw_include/libdriver.a(interrupt_masterenable_.o)
                              gcc/main.o (IntMasterEnable)
hw_include/libdriver.a(sysctl_clockget_.o)
                              hw_include/libdriver.a(i2c_masterinit_.o) (SysCtlClockGet)
hw_include/libdriver.a(sysctl_peripheralenable_.o)
                              gcc/main.o (SysCtlPeripheralEnable)
hw_include/libdriver.a(sysctl_pulrcgcregs_.o)
                              hw_include/libdriver.a(sysctl_peripheralenable_.o) (g_pulRCGCRegs)
hw_include/libdriver.a(sysctl_pulxtals_.o)
                              hw_include/libdriver.a(sysctl_clockget_.o) (g_pulXtals)
hw_include/libdriver.a(timer_configure_.o)
                              gcc/main.o (TimerConfigure)
hw_include/libdriver.a(timer_enable_.o)
                              gcc/main.o (TimerEnable)
hw_include/libdriver.a(timer_intclear_.o)
                              gcc/main.o (TimerIntClear)
hw_include/libdriver.a(timer_intenable_.o)
                              gcc/main.o (TimerIntEnable)
hw_include/libdriver.a(timer_intregister_.o)
                              gcc/main.o (TimerIntRegister)
hw_include/libdriver.a(timer_loadset_.o)
                              gcc/main.o (TimerLoadSet)
hw_include/libdriver.a(uart_charget_.o)
                              gcc/main.o (UARTCharGet)
hw_include/libdriver.a(uart_charnonblockingput_.o)
                              gcc/main.o (UARTCharNonBlockingPut)
hw_include/libdriver.a(uart_charput_.o)
                              gcc/main.o (UARTCharPut)
hw_include/libdriver.a(uart_charsavail_.o)
                              gcc/main.o (UARTCharsAvail)
hw_include/libdriver.a(uart_configset_.o)
                              gcc/main.o (UARTConfigSet)
hw_include/libdriver.a(uart_disable_.o)
                              hw_include/libdriver.a(uart_configset_.o) (UARTDisable)
hw_include/libdriver.a(uart_enable_.o)
                              gcc/main.o (UARTEnable)
hw_include/libdriver.a(uart_intclear_.o)
                              gcc/main.o (UARTIntClear)
hw_include/libdriver.a(uart_intdisable_.o)
                              gcc/main.o (UARTIntDisable)
hw_include/libdriver.a(cpu_cpsie_.o)
                              hw_include/libdriver.a(interrupt_masterenable_.o) (CPUcpsie)
hw_include/libdriver.a(gpio_dirmodeset_.o)
                              hw_include/libdriver.a(gpio_pintypei2c_.o) (GPIODirModeSet)
hw_include/libdriver.a(gpio_padconfigset_.o)
                              hw_include/libdriver.a(gpio_pintypei2c_.o) (GPIOPadConfigSet)
hw_include/libdriver.a(i2c_masterenable_.o)
                              hw_include/libdriver.a(i2c_masterinit_.o) (I2CMasterEnable)
hw_include/libdriver.a(interrupt_enable_.o)
                              hw_include/libdriver.a(timer_intregister_.o) (IntEnable)
hw_include/libdriver.a(interrupt_register_.o)
                              hw_include/libdriver.a(timer_intregister_.o) (IntRegister)
hw_include/libdriver.a(interrupt_vtable_.o)
                              hw_include/libdriver.a(interrupt_register_.o) (g_pfnRAMVectors)
/usr/lib/gcc/arm-none-eabi/10.3.1/../../../arm-none-eabi/lib/thumb/nofp/libc.a(lib_a-memcpy-stub.o)
                              gcc/startup.o (memcpy)
/usr/lib/gcc/arm-none-eabi/10.3.1/../../../arm-none-eabi/lib/thumb/nofp/libc.a(lib_a-memmove.o)
                              gcc/main.o (memmove)
/usr/lib/gcc/arm-none-eabi/10.3.1/../../../arm-none-eabi/lib/thumb/nofp/libc.a(lib_a-memset.o)
                              gcc/main.o (memset)
/usr/lib/gcc/arm-none-eabi/10.3.1/../../../arm-none-eabi/lib/thumb/nofp/libc.a(lib_a-stpcpy.o)
                              gcc/main.o (stpcpy)

Memory Configuration

Name             Origin             Length             Attributes
FLASH            0x0000000000000000 0x0000000000010000 xr
SRAM             0x0000000020000000 0x0000000000002000 xrw
*default*        0x0000000000000000 0xffffffffffffffff

Linker script and memory map


.text           0x0000000000000000     0x43a8
 *(.isr_vector)
 .isr_vector    0x0000000000000000       0xb4 gcc/startup.o
                0x0000000000000000                g_pfnVectors
 *(.text*)
 .text          0x00000000000000b4       0x40 gcc/startup.o
                0x00000000000000c0                ResetISR
 .text          0x00000000000000f4      0xa18 gcc/main.o
                0x00000000000000f4                Timer0IntHandler
                0x0000000000000110                vSimulateTemperatureSensorTask
                0x0000000000000190                vUARTReaderTask
                0x0000000000000308                vApplicationStackOverflowHook
                0x0000000000000318                vUART_ISR
                0x000000000000031c                prvSetupTimer
                0x0000000000000368                ulGetHighFrequencyTimerTicks
                0x0000000000000374                vUARTSetup
                0x00000000000003c4                vUARTSend
                0x00000000000003e4                vLowPassFilterTask
                0x00000000000004c4                formatString
                0x0000000000000530                vMonitorStackTask
                0x0000000000000620                vDisplayGraphTask
                0x0000000000000734                setPixel
                0x0000000000000780                pseudorandom
                0x00000000000007a0                stringToInt
                0x00000000000007d0                formatTaskStats
                0x0000000000000978                vTopLikeTask
                0x0000000000000ab8                utoa
 .text.startup  0x0000000000000b0c      0x10c gcc/main.o
                0x0000000000000b0c                main
 .text          0x0000000000000c18       0x90 gcc/list.o
                0x0000000000000c18                vListInitialise
                0x0000000000000c30                vListInitialiseItem
                0x0000000000000c38                vListInsertEnd
                0x0000000000000c54                vListInsert
                0x0000000000000c84                uxListRemove
 .text          0x0000000000000ca8      0x860 gcc/queue.o
                0x0000000000000d94                xQueueGenericReset
                0x0000000000000e18                xQueueGenericCreate
                0x0000000000000e64                xQueueGenericSend
                0x0000000000000f78                xQueueGenericSendFromISR
                0x0000000000000ff8                xQueueGiveFromISR
                0x0000000000001074                xQueueReceive
                0x000000000000119c                xQueueSemaphoreTake
                0x00000000000012ac                xQueuePeek
                0x00000000000013cc                xQueueReceiveFromISR
                0x0000000000001460                xQueuePeekFromISR
                0x00000000000014a8                uxQueueMessagesWaiting
                0x00000000000014bc                uxQueueSpacesAvailable
                0x00000000000014d4                uxQueueMessagesWaitingFromISR
                0x00000000000014d8                vQueueDelete
                0x00000000000014dc                uxQueueGetQueueNumber
                0x00000000000014e0                vQueueSetQueueNumber
                0x00000000000014e4                ucQueueGetQueueType
                0x00000000000014ec                xQueueIsQueueEmptyFromISR
                0x00000000000014f8                xQueueIsQueueFullFromISR
 .text          0x0000000000001508     0x12a8 gcc/tasks.o
                0x0000000000001744                xTaskCreate
                0x00000000000018f0                eTaskGetState
                0x0000000000001944                vTaskSuspend
                0x0000000000001a18                vTaskResume
                0x0000000000001ab0                xTaskResumeFromISR
                0x0000000000001b68                vTaskStartScheduler
                0x0000000000001bcc                vTaskEndScheduler
                0x0000000000001bec                vTaskSuspendAll
                0x0000000000001c00                xTaskResumeAll
                0x0000000000001d44                xTaskDelayUntil
                0x0000000000001da0                vTaskDelay
                0x0000000000001ddc                xTaskGetTickCount
                0x0000000000001de8                xTaskGetTickCountFromISR
                0x0000000000001df4                uxTaskGetNumberOfTasks
                0x0000000000001e00                pcTaskGetName
                0x0000000000001e14                xTaskCatchUpTicks
                0x0000000000001e44                xTaskIncrementTick
                0x0000000000001e64                vTaskSwitchContext
                0x0000000000001e7c                vTaskPlaceOnEventList
                0x0000000000001e9c                vTaskPlaceOnUnorderedEventList
                0x0000000000001ef0                xTaskRemoveFromEventList
                0x0000000000001fb8                vTaskRemoveFromUnorderedEventList
                0x0000000000002048                vTaskSetTimeOutState
                0x0000000000002068                vTaskInternalSetTimeOutState
                0x000000000000207c                xTaskCheckForTimeOut
                0x00000000000020dc                vTaskMissedYield
                0x00000000000020e8                uxTaskGetTaskNumber
                0x00000000000020f0                vTaskSetTaskNumber
                0x00000000000020f8                vTaskGetInfo
                0x00000000000021dc                uxTaskGetSystemState
                0x0000000000002298                uxTaskGetStackHighWaterMark
                0x00000000000022cc                xTaskGetCurrentTaskHandle
                0x00000000000022d8                uxTaskResetEventItemValue
                0x00000000000022f0                ulTaskGenericNotifyTake
                0x0000000000002380                xTaskGenericNotifyWait
                0x0000000000002428                xTaskGenericNotify
                0x0000000000002528                xTaskGenericNotifyFromISR
                0x0000000000002664                vTaskGenericNotifyGiveFromISR
                0x000000000000274c                xTaskGenericNotifyStateClear
                0x0000000000002780                ulTaskGenericNotifyValueClear
 .text          0x00000000000027b0      0x1ac gcc/port.o
                0x00000000000027f0                pxPortInitialiseStack
                0x0000000000002814                vPortSVCHandler
                0x0000000000002844                vPortEndScheduler
                0x0000000000002848                vPortEnterCritical
                0x0000000000002868                vPortExitCritical
                0x000000000000287c                xPortPendSVHandler
                0x00000000000028c4                xPortSysTickHandler
                0x00000000000028f0                vPortSetupTimerInterrupt
                0x0000000000002908                xPortStartScheduler
 .text          0x000000000000295c       0x8c gcc/heap_1.o
                0x000000000000295c                pvPortMalloc
                0x00000000000029c8                vPortFree
                0x00000000000029cc                vPortInitialiseBlocks
                0x00000000000029d8                xPortGetFreeHeapSize
 .text          0x00000000000029e8      0x200 gcc/BlockQ.o
                0x0000000000002a60                vStartBlockingQueueTasks
                0x0000000000002b9c                xAreBlockingQueuesStillRunning
 .text          0x0000000000002be8      0x128 gcc/PollQ.o
                0x0000000000002ca0                vStartPolledQueueTasks
                0x0000000000002cf4                xArePollingQueuesStillRunning
 .text          0x0000000000002d10       0x9c gcc/integer.o
                0x0000000000002d70                vStartIntegerMathTasks
                0x0000000000002d98                xAreIntegerMathsTaskStillRunning
 .text          0x0000000000002dac      0x1d8 gcc/semtest.o
                0x0000000000002e7c                vStartSemaphoreTasks
                0x0000000000002f50                xAreSemaphoreTasksStillRunning
 .text          0x0000000000002f84      0x688 gcc/osram96x16.o
                0x0000000000003014                OSRAMClear
                0x000000000000311c                OSRAMStringDraw
                0x0000000000003300                OSRAMImageDraw
                0x0000000000003450                OSRAMInit
                0x00000000000034ec                OSRAMDisplayOn
                0x000000000000354c                OSRAMDisplayOff
 .text          0x000000000000360c       0x20 hw_include/libdriver.a(gpio_pintypei2c_.o)
                0x000000000000360c                GPIOPinTypeI2C
 .text          0x000000000000362c       0x20 hw_include/libdriver.a(gpio_pintypeuart_.o)
                0x000000000000362c                GPIOPinTypeUART
 .text          0x000000000000364c        0x4 hw_include/libdriver.a(i2c_mastercontrol_.o)
                0x000000000000364c                I2CMasterControl
 .text          0x0000000000003650        0x4 hw_include/libdriver.a(i2c_masterdataput_.o)
                0x0000000000003650                I2CMasterDataPut
 .text          0x0000000000003654       0x34 hw_include/libdriver.a(i2c_masterinit_.o)
                0x0000000000003654                I2CMasterInit
 .text          0x0000000000003688       0x18 hw_include/libdriver.a(i2c_masterintstatus_.o)
                0x0000000000003688                I2CMasterIntStatus
 .text          0x00000000000036a0        0x8 hw_include/libdriver.a(i2c_masterslaveaddrset_.o)
                0x00000000000036a0                I2CMasterSlaveAddrSet
 .text          0x00000000000036a8        0xc hw_include/libdriver.a(interrupt_masterenable_.o)
                0x00000000000036a8                IntMasterEnable
 .text          0x00000000000036b4       0x90 hw_include/libdriver.a(sysctl_clockget_.o)
                0x00000000000036b4                SysCtlClockGet
 .text          0x0000000000003744       0x1c hw_include/libdriver.a(sysctl_peripheralenable_.o)
                0x0000000000003744                SysCtlPeripheralEnable
 .text          0x0000000000003760        0x0 hw_include/libdriver.a(sysctl_pulrcgcregs_.o)
 .text          0x0000000000003760        0x0 hw_include/libdriver.a(sysctl_pulxtals_.o)
 .text          0x0000000000003760       0x20 hw_include/libdriver.a(timer_configure_.o)
                0x0000000000003760                TimerConfigure
 .text          0x0000000000003780       0x10 hw_include/libdriver.a(timer_enable_.o)
                0x0000000000003780                TimerEnable
 .text          0x0000000000003790        0x4 hw_include/libdriver.a(timer_intclear_.o)
                0x0000000000003790                TimerIntClear
 .text          0x0000000000003794        0x8 hw_include/libdriver.a(timer_intenable_.o)
                0x0000000000003794                TimerIntEnable
 .text          0x000000000000379c       0x50 hw_include/libdriver.a(timer_intregister_.o)
                0x000000000000379c                TimerIntRegister
 .text          0x00000000000037ec       0x14 hw_include/libdriver.a(timer_loadset_.o)
                0x00000000000037ec                TimerLoadSet
 .text          0x0000000000003800       0x10 hw_include/libdriver.a(uart_charget_.o)
                0x0000000000003800                UARTCharGet
 .text          0x0000000000003810       0x14 hw_include/libdriver.a(uart_charnonblockingput_.o)
                0x0000000000003810                UARTCharNonBlockingPut
 .text          0x0000000000003824       0x10 hw_include/libdriver.a(uart_charput_.o)
                0x0000000000003824                UARTCharPut
 .text          0x0000000000003834       0x10 hw_include/libdriver.a(uart_charsavail_.o)
                0x0000000000003834                UARTCharsAvail
 .text          0x0000000000003844       0x38 hw_include/libdriver.a(uart_configset_.o)
                0x0000000000003844                UARTConfigSet
 .text          0x000000000000387c       0x24 hw_include/libdriver.a(uart_disable_.o)
                0x000000000000387c                UARTDisable
 .text          0x00000000000038a0       0x18 hw_include/libdriver.a(uart_enable_.o)
                0x00000000000038a0                UARTEnable
 .text          0x00000000000038b8        0x4 hw_include/libdriver.a(uart_intclear_.o)
                0x00000000000038b8                UARTIntClear
 .text          0x00000000000038bc        0xc hw_include/libdriver.a(uart_intdisable_.o)
                0x00000000000038bc                UARTIntDisable
 .text          0x00000000000038c8        0x4 hw_include/libdriver.a(cpu_cpsie_.o)
                0x00000000000038c8                CPUcpsie
 .text          0x00000000000038cc       0x48 hw_include/libdriver.a(gpio_dirmodeset_.o)
                0x00000000000038cc                GPIODirModeSet
 .text          0x0000000000003914      0x11c hw_include/libdriver.a(gpio_padconfigset_.o)
                0x0000000000003914                GPIOPadConfigSet
 .text          0x0000000000003a30        0xc hw_include/libdriver.a(i2c_masterenable_.o)
                0x0000000000003a30                I2CMasterEnable
 .text          0x0000000000003a3c       0x5c hw_include/libdriver.a(interrupt_enable_.o)
                0x0000000000003a3c                IntEnable
 .text          0x0000000000003a98       0x3c hw_include/libdriver.a(interrupt_register_.o)
                0x0000000000003a98                IntRegister
 .text          0x0000000000003ad4        0x0 hw_include/libdriver.a(interrupt_vtable_.o)
 .text          0x0000000000003ad4       0xa8 /usr/lib/gcc/arm-none-eabi/10.3.1/../../../arm-none-eabi/lib/thumb/nofp/libc.a(lib_a-memcpy-stub.o)
                0x0000000000003ad4                memcpy
 .text          0x0000000000003b7c       0xbc /usr/lib/gcc/arm-none-eabi/10.3.1/../../../arm-none-eabi/lib/thumb/nofp/libc.a(lib_a-memmove.o)
                0x0000000000003b7c                memmove
 .text          0x0000000000003c38       0xb0 /usr/lib/gcc/arm-none-eabi/10.3.1/../../../arm-none-eabi/lib/thumb/nofp/libc.a(lib_a-memset.o)
                0x0000000000003c38                memset
 .text          0x0000000000003ce8       0x50 /usr/lib/gcc/arm-none-eabi/10.3.1/../../../arm-none-eabi/lib/thumb/nofp/libc.a(lib_a-stpcpy.o)
                0x0000000000003ce8                stpcpy
 *(.rodata*)
 .rodata.str1.4
                0x0000000000003d38      0x363 gcc/main.o
                                        0x36b (size before relaxing)
 *fill*         0x000000000000409b        0x1 
 .rodata.str1.4
                0x000000000000409c        0x5 gcc/tasks.o
 *fill*         0x00000000000040a1        0x3 
 .rodata.str1.4
                0x00000000000040a4       0x30 gcc/BlockQ.o
 .rodata.str1.4
                0x00000000000040d4       0x10 gcc/PollQ.o
 .rodata.str1.4
                0x00000000000040e4        0x8 gcc/integer.o
 .rodata.str1.4
                0x00000000000040ec       0x20 gcc/semtest.o
 .rodata        0x000000000000410c      0x25d gcc/osram96x16.o
 *fill*         0x0000000000004369        0x3 
 .rodata        0x000000000000436c        0xc hw_include/libdriver.a(sysctl_pulrcgcregs_.o)
                0x000000000000436c                g_pulRCGCRegs
 .rodata        0x0000000000004378       0x30 hw_include/libdriver.a(sysctl_pulxtals_.o)
                0x0000000000004378                g_pulXtals
                0x00000000000043a8                _etext = .

.glue_7         0x00000000000043a8        0x0
 .glue_7        0x00000000000043a8        0x0 linker stubs

.glue_7t        0x00000000000043a8        0x0
 .glue_7t       0x00000000000043a8        0x0 linker stubs

.vfp11_veneer   0x00000000000043a8        0x0
 .vfp11_veneer  0x00000000000043a8        0x0 linker stubs

.v4_bx          0x00000000000043a8        0x0
 .v4_bx         0x00000000000043a8        0x0 linker stubs

.iplt           0x00000000000043a8        0x0
 .iplt          0x00000000000043a8        0x0 gcc/startup.o

.rel.dyn        0x00000000000043a8        0x0
 .rel.iplt      0x00000000000043a8        0x0 gcc/startup.o

.ARM.exidx      0x00000000000043a8        0x0
 *(.ARM.exidx*)

.data           0x0000000020000000       0xc8 load address 0x00000000000043a8
                0x0000000020000000                _data = .
 *(vtable)
 vtable         0x0000000020000000       0xb8 hw_include/libdriver.a(interrupt_vtable_.o)
                0x0000000020000000                g_pfnRAMVectors
 *(.data)
 .data          0x00000000200000b8        0x0 gcc/startup.o
 .data          0x00000000200000b8        0x8 gcc/main.o
                0x00000000200000bc                filter_window_size
 .data          0x00000000200000c0        0x0 gcc/list.o
 .data          0x00000000200000c0        0x0 gcc/queue.o
 .data          0x00000000200000c0        0x4 gcc/tasks.o
                0x00000000200000c0                uxTopUsedPriority
 .data          0x00000000200000c4        0x4 gcc/port.o
 .data          0x00000000200000c8        0x0 gcc/heap_1.o
 .data          0x00000000200000c8        0x0 gcc/BlockQ.o
 .data          0x00000000200000c8        0x0 gcc/PollQ.o
 .data          0x00000000200000c8        0x0 gcc/integer.o
 .data          0x00000000200000c8        0x0 gcc/semtest.o
 .data          0x00000000200000c8        0x0 gcc/osram96x16.o
 .data          0x00000000200000c8        0x0 hw_include/libdriver.a(gpio_pintypei2c_.o)
 .data          0x00000000200000c8        0x0 hw_include/libdriver.a(gpio_pintypeuart_.o)
 .data          0x00000000200000c8        0x0 hw_include/libdriver.a(i2c_mastercontrol_.o)
 .data          0x00000000200000c8        0x0 hw_include/libdriver.a(i2c_masterdataput_.o)
 .data          0x00000000200000c8        0x0 hw_include/libdriver.a(i2c_masterinit_.o)
 .data          0x00000000200000c8        0x0 hw_include/libdriver.a(i2c_masterintstatus_.o)
 .data          0x00000000200000c8        0x0 hw_include/libdriver.a(i2c_masterslaveaddrset_.o)
 .data          0x00000000200000c8        0x0 hw_include/libdriver.a(interrupt_masterenable_.o)
 .data          0x00000000200000c8        0x0 hw_include/libdriver.a(sysctl_clockget_.o)
 .data          0x00000000200000c8        0x0 hw_include/libdriver.a(sysctl_peripheralenable_.o)
 .data          0x00000000200000c8        0x0 hw_include/libdriver.a(sysctl_pulrcgcregs_.o)
 .data          0x00000000200000c8        0x0 hw_include/libdriver.a(sysctl_pulxtals_.o)
 .data          0x00000000200000c8        0x0 hw_include/libdriver.a(timer_configure_.o)
 .data          0x00000000200000c8        0x0 hw_include/libdriver.a(timer_enable_.o)
 .data          0x00000000200000c8        0x0 hw_include/libdriver.a(timer_intclear_.o)
 .data          0x00000000200000c8        0x0 hw_include/libdriver.a(timer_intenable_.o)
 .data          0x00000000200000c8        0x0 hw_include/libdriver.a(timer_intregister_.o)
 .data          0x00000000200000c8        0x0 hw_include/libdriver.a(timer_loadset_.o)
 .data          0x00000000200000c8        0x0 hw_include/libdriver.a(uart_charget_.o)
 .data          0x00000000200000c8        0x0 hw_include/libdriver.a(uart_charnonblockingput_.o)
 .data          0x00000000200000c8        0x0 hw_include/libdriver.a(uart_charput_.o)
 .data          0x00000000200000c8        0x0 hw_include/libdriver.a(uart_charsavail_.o)
 .data          0x00000000200000c8        0x0 hw_include/libdriver.a(uart_configset_.o)
 .data          0x00000000200000c8        0x0 hw_include/libdriver.a(uart_disable_.o)
 .data          0x00000000200000c8        0x0 hw_include/libdriver.a(uart_enable_.o)
 .data          0x00000000200000c8        0x0 hw_include/libdriver.a(uart_intclear_.o)
 .data          0x00000000200000c8        0x0 hw_include/libdriver.a(uart_intdisable_.o)
 .data          0x00000000200000c8        0x0 hw_include/libdriver.a(cpu_cpsie_.o)
 .data          0x00000000200000c8        0x0 hw_include/libdriver.a(gpio_dirmodeset_.o)
 .data          0x00000000200000c8        0x0 hw_include/libdriver.a(gpio_padconfigset_.o)
 .data          0x00000000200000c8        0x0 hw_include/libdriver.a(i2c_masterenable_.o)
 .data          0x00000000200000c8        0x0 hw_include/libdriver.a(interrupt_enable_.o)
 .data          0x00000000200000c8        0x0 hw_include/libdriver.a(interrupt_register_.o)
 .data          0x00000000200000c8        0x0 hw_include/libdriver.a(interrupt_vtable_.o)
 .data          0x00000000200000c8        0x0 /usr/lib/gcc/arm-none-eabi/10.3.1/../../../arm-none-eabi/lib/thumb/nofp/libc.a(lib_a-memcpy-stub.o)
 .data          0x00000000200000c8        0x0 /usr/lib/gcc/arm-none-eabi/10.3.1/../../../arm-none-eabi/lib/thumb/nofp/libc.a(lib_a-memmove.o)
 .data          0x00000000200000c8        0x0 /usr/lib/gcc/arm-none-eabi/10.3.1/../../../arm-none-eabi/lib/thumb/nofp/libc.a(lib_a-memset.o)
 .data          0x00000000200000c8        0x0 /usr/lib/gcc/arm-none-eabi/10.3.1/../../../arm-none-eabi/lib/thumb/nofp/libc.a(lib_a-stpcpy.o)
                0x00000000200000c8                _edata = .

.igot.plt       0x00000000200000c8        0x0 load address 0x0000000000004470
 .igot.plt      0x00000000200000c8        0x0 gcc/startup.o

.bss            0x00000000200000c8     0x16ac load address 0x0000000000004470
                0x00000000200000c8                _bss = .
 *(.bss)
 .bss           0x00000000200000c8      0x100 gcc/startup.o
 .bss           0x00000000200001c8       0xe0 gcc/main.o
                0x00000000200001c8                ulHighFrequencyTimerTicks
                0x00000000200001cc                xRawTemperatureQueue
                0x00000000200001d0                xFilteredDataQueue
                0x00000000200001d4                xTempSensorHandle
                0x00000000200001d8                xFilterHandle
                0x00000000200001dc                xGraphHandle
                0x00000000200001e0                xUARTReaderHandle
                0x00000000200001e4                ucDisplayBuffer
 .bss           0x00000000200002a8        0x0 gcc/list.o
 .bss           0x00000000200002a8        0x0 gcc/queue.o
 .bss           0x00000000200002a8       0xf4 gcc/tasks.o
                0x00000000200002ac                pxCurrentTCB
 .bss           0x000000002000039c        0x0 gcc/port.o
 .bss           0x000000002000039c     0x1390 gcc/heap_1.o
 .bss           0x000000002000172c       0x1e gcc/BlockQ.o
 *fill*         0x000000002000174a        0x2 
 .bss           0x000000002000174c        0xc gcc/PollQ.o
 .bss           0x0000000020001758        0x4 gcc/integer.o
 .bss           0x000000002000175c       0x14 gcc/semtest.o
 .bss           0x0000000020001770        0x4 gcc/osram96x16.o
 .bss           0x0000000020001774        0x0 hw_include/libdriver.a(gpio_pintypei2c_.o)
 .bss           0x0000000020001774        0x0 hw_include/libdriver.a(gpio_pintypeuart_.o)
 .bss           0x0000000020001774        0x0 hw_include/libdriver.a(i2c_mastercontrol_.o)
 .bss           0x0000000020001774        0x0 hw_include/libdriver.a(i2c_masterdataput_.o)
 .bss           0x0000000020001774        0x0 hw_include/libdriver.a(i2c_masterinit_.o)
 .bss           0x0000000020001774        0x0 hw_include/libdriver.a(i2c_masterintstatus_.o)
 .bss           0x0000000020001774        0x0 hw_include/libdriver.a(i2c_masterslaveaddrset_.o)
 .bss           0x0000000020001774        0x0 hw_include/libdriver.a(interrupt_masterenable_.o)
 .bss           0x0000000020001774        0x0 hw_include/libdriver.a(sysctl_clockget_.o)
 .bss           0x0000000020001774        0x0 hw_include/libdriver.a(sysctl_peripheralenable_.o)
 .bss           0x0000000020001774        0x0 hw_include/libdriver.a(sysctl_pulrcgcregs_.o)
 .bss           0x0000000020001774        0x0 hw_include/libdriver.a(sysctl_pulxtals_.o)
 .bss           0x0000000020001774        0x0 hw_include/libdriver.a(timer_configure_.o)
 .bss           0x0000000020001774        0x0 hw_include/libdriver.a(timer_enable_.o)
 .bss           0x0000000020001774        0x0 hw_include/libdriver.a(timer_intclear_.o)
 .bss           0x0000000020001774        0x0 hw_include/libdriver.a(timer_intenable_.o)
 .bss           0x0000000020001774        0x0 hw_include/libdriver.a(timer_intregister_.o)
 .bss           0x0000000020001774        0x0 hw_include/libdriver.a(timer_loadset_.o)
 .bss           0x0000000020001774        0x0 hw_include/libdriver.a(uart_charget_.o)
 .bss           0x0000000020001774        0x0 hw_include/libdriver.a(uart_charnonblockingput_.o)
 .bss           0x0000000020001774        0x0 hw_include/libdriver.a(uart_charput_.o)
 .bss           0x0000000020001774        0x0 hw_include/libdriver.a(uart_charsavail_.o)
 .bss           0x0000000020001774        0x0 hw_include/libdriver.a(uart_configset_.o)
 .bss           0x0000000020001774        0x0 hw_include/libdriver.a(uart_disable_.o)
 .bss           0x0000000020001774        0x0 hw_include/libdriver.a(uart_enable_.o)
 .bss           0x0000000020001774        0x0 hw_include/libdriver.a(uart_intclear_.o)
 .bss           0x0000000020001774        0x0 hw_include/libdriver.a(uart_intdisable_.o)
 .bss           0x0000000020001774        0x0 hw_include/libdriver.a(cpu_cpsie_.o)
 .bss           0x0000000020001774        0x0 hw_include/libdriver.a(gpio_dirmodeset_.o)
 .bss           0x0000000020001774        0x0 hw_include/libdriver.a(gpio_padconfigset_.o)
 .bss           0x0000000020001774        0x0 hw_include/libdriver.a(i2c_masterenable_.o)
 .bss           0x0000000020001774        0x0 hw_include/libdriver.a(interrupt_enable_.o)
 .bss           0x0000000020001774        0x0 hw_include/libdriver.a(interrupt_register_.o)
 .bss           0x0000000020001774        0x0 hw_include/libdriver.a(interrupt_vtable_.o)
 .bss           0x0000000020001774        0x0 /usr/lib/gcc/arm-none-eabi/10.3.1/../../../arm-none-eabi/lib/thumb/nofp/libc.a(lib_a-memcpy-stub.o)
 .bss           0x0000000020001774        0x0 /usr/lib/gcc/arm-none-eabi/10.3.1/../../../arm-none-eabi/lib/thumb/nofp/libc.a(lib_a-memmove.o)
 .bss           0x0000000020001774        0x0 /usr/lib/gcc/arm-none-eabi/10.3.1/../../../arm-none-eabi/lib/thumb/nofp/libc.a(lib_a-memset.o)
 .bss           0x0000000020001774        0x0 /usr/lib/gcc/arm-none-eabi/10.3.1/../../../arm-none-eabi/lib/thumb/nofp/libc.a(lib_a-stpcpy.o)
 *(COMMON)
                0x0000000020001774                _ebss = .
LOAD gcc/startup.o
LOAD gcc/main.o
LOAD gcc/list.o
LOAD gcc/queue.o
LOAD gcc/tasks.o
LOAD gcc/port.o
LOAD gcc/heap_1.o
LOAD gcc/BlockQ.o
LOAD gcc/PollQ.o
LOAD gcc/integer.o
LOAD gcc/semtest.o
LOAD gcc/osram96x16.o
LOAD hw_include/libdriver.a
LOAD /usr/lib/gcc/arm-none-eabi/10.3.1/../../../arm-none-eabi/lib/thumb/nofp/libc.a
LOAD /usr/lib/gcc/arm-none-eabi/10.3.1/thumb/nofp/libgcc.a
OUTPUT(gcc/RTOSDemo.axf elf32-littlearm)
LOAD linker stubs

.comment        0x0000000000000000      0x495
 .comment       0x0000000000000000       0x33 gcc/startup.o
                                         0x34 (size before relaxing)
 .comment       0x0000000000000033       0x34 gcc/main.o
 .comment       0x0000000000000033       0x34 gcc/list.o
 .comment       0x0000000000000033       0x34 gcc/queue.o
 .comment       0x0000000000000033       0x34 gcc/tasks.o
 .comment       0x0000000000000033       0x34 gcc/port.o
 .comment       0x0000000000000033       0x34 gcc/heap_1.o
 .comment       0x0000000000000033       0x34 gcc/BlockQ.o
 .comment       0x0000000000000033       0x34 gcc/PollQ.o
 .comment       0x0000000000000033       0x34 gcc/integer.o
 .comment       0x0000000000000033       0x34 gcc/semtest.o
 .comment       0x0000000000000033       0x34 gcc/osram96x16.o
 .comment       0x0000000000000033       0x22 hw_include/libdriver.a(gpio_pintypei2c_.o)
 .comment       0x0000000000000055       0x22 hw_include/libdriver.a(gpio_pintypeuart_.o)
 .comment       0x0000000000000077       0x22 hw_include/libdriver.a(i2c_mastercontrol_.o)
 .comment       0x0000000000000099       0x22 hw_include/libdriver.a(i2c_masterdataput_.o)
 .comment       0x00000000000000bb       0x22 hw_include/libdriver.a(i2c_masterinit_.o)
 .comment       0x00000000000000dd       0x22 hw_include/libdriver.a(i2c_masterintstatus_.o)
 .comment       0x00000000000000ff       0x22 hw_include/libdriver.a(i2c_masterslaveaddrset_.o)
 .comment       0x0000000000000121       0x22 hw_include/libdriver.a(interrupt_masterenable_.o)
 .comment       0x0000000000000143       0x22 hw_include/libdriver.a(sysctl_clockget_.o)
 .comment       0x0000000000000165       0x22 hw_include/libdriver.a(sysctl_peripheralenable_.o)
 .comment       0x0000000000000187       0x22 hw_include/libdriver.a(sysctl_pulrcgcregs_.o)
 .comment       0x00000000000001a9       0x22 hw_include/libdriver.a(sysctl_pulxtals_.o)
 .comment       0x00000000000001cb       0x22 hw_include/libdriver.a(timer_configure_.o)
 .comment       0x00000000000001ed       0x22 hw_include/libdriver.a(timer_enable_.o)
 .comment       0x000000000000020f       0x22 hw_include/libdriver.a(timer_intclear_.o)
 .comment       0x0000000000000231       0x22 hw_include/libdriver.a(timer_intenable_.o)
 .comment       0x0000000000000253       0x22 hw_include/libdriver.a(timer_intregister_.o)
 .comment       0x0000000000000275       0x22 hw_include/libdriver.a(timer_loadset_.o)
 .comment       0x0000000000000297       0x22 hw_include/libdriver.a(uart_charget_.o)
 .comment       0x00000000000002b9       0x22 hw_include/libdriver.a(uart_charnonblockingput_.o)
 .comment       0x00000000000002db       0x22 hw_include/libdriver.a(uart_charput_.o)
 .comment       0x00000000000002fd       0x22 hw_include/libdriver.a(uart_charsavail_.o)
 .comment       0x000000000000031f       0x22 hw_include/libdriver.a(uart_configset_.o)
 .comment       0x0000000000000341       0x22 hw_include/libdriver.a(uart_disable_.o)
 .comment       0x0000000000000363       0x22 hw_include/libdriver.a(uart_enable_.o)
 .comment       0x0000000000000385       0x22 hw_include/libdriver.a(uart_intclear_.o)
 .comment       0x00000000000003a7       0x22 hw_include/libdriver.a(uart_intdisable_.o)
 .comment       0x00000000000003c9       0x22 hw_include/libdriver.a(gpio_dirmodeset_.o)
 .comment       0x00000000000003eb       0x22 hw_include/libdriver.a(gpio_padconfigset_.o)
 .comment       0x000000000000040d       0x22 hw_include/libdriver.a(i2c_masterenable_.o)
 .comment       0x000000000000042f       0x22 hw_include/libdriver.a(interrupt_enable_.o)
 .comment       0x0000000000000451       0x22 hw_include/libdriver.a(interrupt_register_.o)
 .comment       0x0000000000000473       0x22 hw_include/libdriver.a(interrupt_vtable_.o)
 .comment       0x0000000000000495       0x34 /usr/lib/gcc/arm-none-eabi/10.3.1/../../../arm-none-eabi/lib/thumb/nofp/libc.a(lib_a-memcpy-stub.o)
 .comment       0x0000000000000495       0x34 /usr/lib/gcc/arm-none-eabi/10.3.1/../../../arm-none-eabi/lib/thumb/nofp/libc.a(lib_a-memmove.o)
 .comment       0x0000000000000495       0x34 /usr/lib/gcc/arm-none-eabi/10.3.1/../../../arm-none-eabi/lib/thumb/nofp/libc.a(lib_a-memset.o)
 .comment       0x0000000000000495       0x34 /usr/lib/gcc/arm-none-eabi/10.3.1/../../../arm-none-eabi/lib/thumb/nofp/libc.a(lib_a-stpcpy.o)

.ARM.attributes
                0x0000000000000000       0x2d
 .ARM.attributes
                0x0000000000000000       0x2d gcc/startup.o
 .ARM.attributes
                0x000000000000002d       0x2d gcc/main.o
 .ARM.attributes
                0x000000000000005a       0x2d gcc/list.o
 .ARM.attributes
                0x0000000000000087       0x2d gcc/queue.o
 .ARM.attributes
                0x00000000000000b4       0x2d gcc/tasks.o
 .ARM.attributes
                0x00000000000000e1       0x2d gcc/port.o
 .ARM.attributes
                0x000000000000010e       0x2d gcc/heap_1.o
 .ARM.attributes
                0x000000000000013b       0x2d gcc/BlockQ.o
 .ARM.attributes
                0x0000000000000168       0x2d gcc/PollQ.o
 .ARM.attributes
                0x0000000000000195       0x2d gcc/integer.o
 .ARM.attributes
                0x00000000000001c2       0x2d gcc/semtest.o
 .ARM.attributes
                0x00000000000001ef       0x2d gcc/osram96x16.o
 .ARM.attributes
                0x000000000000021c       0x31 hw_include/libdriver.a(gpio_pintypei2c_.o)
 .ARM.attributes
                0x000000000000024d       0x31 hw_include/libdriver.a(gpio_pintypeuart_.o)
 .ARM.attributes
                0x000000000000027e       0x31 hw_include/libdriver.a(i2c_mastercontrol_.o)
 .ARM.attributes
                0x00000000000002af       0x31 hw_include/libdriver.a(i2c_masterdataput_.o)
 .ARM.attributes
                0x00000000000002e0       0x31 hw_include/libdriver.a(i2c_masterinit_.o)
 .ARM.attributes
                0x0000000000000311       0x31 hw_include/libdriver.a(i2c_masterintstatus_.o)
 .ARM.attributes
                0x0000000000000342       0x31 hw_include/libdriver.a(i2c_masterslaveaddrset_.o)
 .ARM.attributes
                0x0000000000000373       0x31 hw_include/libdriver.a(interrupt_masterenable_.o)
 .ARM.attributes
                0x00000000000003a4       0x31 hw_include/libdriver.a(sysctl_clockget_.o)
 .ARM.attributes
                0x00000000000003d5       0x31 hw_include/libdriver.a(sysctl_peripheralenable_.o)
 .ARM.attributes
                0x0000000000000406       0x2f hw_include/libdriver.a(sysctl_pulrcgcregs_.o)
 .ARM.attributes
                0x0000000000000435       0x2f hw_include/libdriver.a(sysctl_pulxtals_.o)
 .ARM.attributes
                0x0000000000000464       0x31 hw_include/libdriver.a(timer_configure_.o)
 .ARM.attributes
                0x0000000000000495       0x31 hw_include/libdriver.a(timer_enable_.o)
 .ARM.attributes
                0x00000000000004c6       0x31 hw_include/libdriver.a(timer_intclear_.o)
 .ARM.attributes
                0x00000000000004f7       0x31 hw_include/libdriver.a(timer_intenable_.o)
 .ARM.attributes
                0x0000000000000528       0x31 hw_include/libdriver.a(timer_intregister_.o)
 .ARM.attributes
                0x0000000000000559       0x31 hw_include/libdriver.a(timer_loadset_.o)
 .ARM.attributes
                0x000000000000058a       0x31 hw_include/libdriver.a(uart_charget_.o)
 .ARM.attributes
                0x00000000000005bb       0x31 hw_include/libdriver.a(uart_charnonblockingput_.o)
 .ARM.attributes
                0x00000000000005ec       0x31 hw_include/libdriver.a(uart_charput_.o)
 .ARM.attributes
                0x000000000000061d       0x31 hw_include/libdriver.a(uart_charsavail_.o)
 .ARM.attributes
                0x000000000000064e       0x31 hw_include/libdriver.a(uart_configset_.o)
 .ARM.attributes
                0x000000000000067f       0x31 hw_include/libdriver.a(uart_disable_.o)
 .ARM.attributes
                0x00000000000006b0       0x31 hw_include/libdriver.a(uart_enable_.o)
 .ARM.attributes
                0x00000000000006e1       0x31 hw_include/libdriver.a(uart_intclear_.o)
 .ARM.attributes
                0x0000000000000712       0x31 hw_include/libdriver.a(uart_intdisable_.o)
 .ARM.attributes
                0x0000000000000743       0x21 hw_include/libdriver.a(cpu_cpsie_.o)
 .ARM.attributes
                0x0000000000000764       0x31 hw_include/libdriver.a(gpio_dirmodeset_.o)
 .ARM.attributes
                0x0000000000000795       0x31 hw_include/libdriver.a(gpio_padconfigset_.o)
 .ARM.attributes
                0x00000000000007c6       0x31 hw_include/libdriver.a(i2c_masterenable_.o)
 .ARM.attributes
                0x00000000000007f7       0x31 hw_include/libdriver.a(interrupt_enable_.o)
 .ARM.attributes
                0x0000000000000828       0x31 hw_include/libdriver.a(interrupt_register_.o)
 .ARM.attributes
                0x0000000000000859       0x2f hw_include/libdriver.a(interrupt_vtable_.o)
 .ARM.attributes
                0x0000000000000888       0x2a /usr/lib/gcc/arm-none-eabi/10.3.1/../../../arm-none-eabi/lib/thumb/nofp/libc.a(lib_a-memcpy-stub.o)
 .ARM.attributes
                0x00000000000008b2       0x2a /usr/lib/gcc/arm-none-eabi/10.3.1/../../../arm-none-eabi/lib/thumb/nofp/libc.a(lib_a-memmove.o)
 .ARM.attributes
                0x00000000000008dc       0x2a /usr/lib/gcc/arm-none-eabi/10.3.1/../../../arm-none-eabi/lib/thumb/nofp/libc.a(lib_a-memset.o)
 .ARM.attributes
                0x0000000000000906       0x2a /usr/lib/gcc/arm-none-eabi/10.3.1/../../../arm-none-eabi/lib/thumb/nofp/libc.a(lib_a-stpcpy.o)

.debug_info     0x0000000000000000      0x4fc
 .debug_info    0x0000000000000000      0x15c /usr/lib/gcc/arm-none-eabi/10.3.1/../../../arm-none-eabi/lib/thumb/nofp/libc.a(lib_a-memcpy-stub.o)
 .debug_info    0x000000000000015c      0x152 /usr/lib/gcc/arm-none-eabi/10.3.1/../../../arm-none-eabi/lib/thumb/nofp/libc.a(lib_a-memmove.o)
 .debug_info    0x00000000000002ae      0x13d /usr/lib/gcc/arm-none-eabi/10.3.1/../../../arm-none-eabi/lib/thumb/nofp/libc.a(lib_a-memset.o)
 .debug_info    0x00000000000003eb      0x111 /usr/lib/gcc/arm-none-eabi/10.3.1/../../../arm-none-eabi/lib/thumb/nofp/libc.a(lib_a-stpcpy.o)

.debug_abbrev   0x0000000000000000      0x2c2
 .debug_abbrev  0x0000000000000000       0xc7 /usr/lib/gcc/arm-none-eabi/10.3.1/../../../arm-none-eabi/lib/thumb/nofp/libc.a(lib_a-memcpy-stub.o)
 .debug_abbrev  0x00000000000000c7       0xc0 /usr/lib/gcc/arm-none-eabi/10.3.1/../../../arm-none-eabi/lib/thumb/nofp/libc.a(lib_a-memmove.o)
 .debug_abbrev  0x0000000000000187       0xb4 /usr/lib/gcc/arm-none-eabi/10.3.1/../../../arm-none-eabi/lib/thumb/nofp/libc.a(lib_a-memset.o)
 .debug_abbrev  0x000000000000023b       0x87 /usr/lib/gcc/arm-none-eabi/10.3.1/../../../arm-none-eabi/lib/thumb/nofp/libc.a(lib_a-stpcpy.o)

.debug_loc      0x0000000000000000      0xcff
 .debug_loc     0x0000000000000000      0x46c /usr/lib/gcc/arm-none-eabi/10.3.1/../../../arm-none-eabi/lib/thumb/nofp/libc.a(lib_a-memcpy-stub.o)
 .debug_loc     0x000000000000046c      0x51d /usr/lib/gcc/arm-none-eabi/10.3.1/../../../arm-none-eabi/lib/thumb/nofp/libc.a(lib_a-memmove.o)
 .debug_loc     0x0000000000000989      0x2a3 /usr/lib/gcc/arm-none-eabi/10.3.1/../../../arm-none-eabi/lib/thumb/nofp/libc.a(lib_a-memset.o)
 .debug_loc     0x0000000000000c2c       0xd3 /usr/lib/gcc/arm-none-eabi/10.3.1/../../../arm-none-eabi/lib/thumb/nofp/libc.a(lib_a-stpcpy.o)

.debug_aranges  0x0000000000000000       0x80
 .debug_aranges
                0x0000000000000000       0x20 /usr/lib/gcc/arm-none-eabi/10.3.1/../../../arm-none-eabi/lib/thumb/nofp/libc.a(lib_a-memcpy-stub.o)
 .debug_aranges
                0x0000000000000020       0x20 /usr/lib/gcc/arm-none-eabi/10.3.1/../../../arm-none-eabi/lib/thumb/nofp/libc.a(lib_a-memmove.o)
 .debug_aranges
                0x0000000000000040       0x20 /usr/lib/gcc/arm-none-eabi/10.3.1/../../../arm-none-eabi/lib/thumb/nofp/libc.a(lib_a-memset.o)
 .debug_aranges
                0x0000000000000060       0x20 /usr/lib/gcc/arm-none-eabi/10.3.1/../../../arm-none-eabi/lib/thumb/nofp/libc.a(lib_a-stpcpy.o)

.debug_line     0x0000000000000000      0x664
 .debug_line    0x0000000000000000      0x1ad /usr/lib/gcc/arm-none-eabi/10.3.1/../../../arm-none-eabi/lib/thumb/nofp/libc.a(lib_a-memcpy-stub.o)
 .debug_line    0x00000000000001ad      0x1dc /usr/lib/gcc/arm-none-eabi/10.3.1/../../../arm-none-eabi/lib/thumb/nofp/libc.a(lib_a-memmove.o)
 .debug_line    0x0000000000000389      0x1ce /usr/lib/gcc/arm-none-eabi/10.3.1/../../../arm-none-eabi/lib/thumb/nofp/libc.a(lib_a-memset.o)
 .debug_line    0x0000000000000557      0x10d /usr/lib/gcc/arm-none-eabi/10.3.1/../../../arm-none-eabi/lib/thumb/nofp/libc.a(lib_a-stpcpy.o)

.debug_str      0x0000000000000000      0x2d0
 .debug_str     0x0000000000000000      0x1a5 /usr/lib/gcc/arm-none-eabi/10.3.1/../../../arm-none-eabi/lib/thumb/nofp/libc.a(lib_a-memcpy-stub.o)
                                        0x1de (size before relaxing)
 .debug_str     0x00000000000001a5       0xa7 /usr/lib/gcc/arm-none-eabi/10.3.1/../../../arm-none-eabi/lib/thumb/nofp/libc.a(lib_a-memmove.o)
                                        0x1d8 (size before relaxing)
 .debug_str     0x000000000000024c       0x4c /usr/lib/gcc/arm-none-eabi/10.3.1/../../../arm-none-eabi/lib/thumb/nofp/libc.a(lib_a-memset.o)
                                        0x1b9 (size before relaxing)
 .debug_str     0x0000000000000298       0x38 /usr/lib/gcc/arm-none-eabi/10.3.1/../../../arm-none-eabi/lib/thumb/nofp/libc.a(lib_a-stpcpy.o)
                                        0x1b6 (size before relaxing)

.debug_frame    0x0000000000000000       0xc4
 .debug_frame   0x0000000000000000       0x34 /usr/lib/gcc/arm-none-eabi/10.3.1/../../../arm-none-eabi/lib/thumb/nofp/libc.a(lib_a-memcpy-stub.o)
 .debug_frame   0x0000000000000034       0x34 /usr/lib/gcc/arm-none-eabi/10.3.1/../../../arm-none-eabi/lib/thumb/nofp/libc.a(lib_a-memmove.o)
 .debug_frame   0x0000000000000068       0x30 /usr/lib/gcc/arm-none-eabi/10.3.1/../../../arm-none-eabi/lib/thumb/nofp/libc.a(lib_a-memset.o)
 .debug_frame   0x0000000000000098       0x2c /usr/lib/gcc/arm-none-eabi/10.3.1/../../../arm-none-eabi/lib/thumb/nofp/libc.a(lib_a-stpcpy.o)
